Archive member included to satisfy reference by file (symbol)

../lib//librairie.a(del.o)    main.o (_ZN3DelC1ERVh)
../lib//librairie.a(detectionPoteau.o)
                              main.o (_ZN15DetectionPoteau16premiereEcritureEv)
../lib//librairie.a(memoire_24.o)
                              ../lib//librairie.a(detectionPoteau.o) (_ZN13Memoire24CXXXD1Ev)
../lib//librairie.a(modes.o)  main.o (_Z4menu5ModesRb)
../lib//librairie.a(moteur.o)
                              ../lib//librairie.a(detectionPoteau.o) (_ZN6MoteurC1EPVhhh)
../lib//librairie.a(position.o)
                              ../lib//librairie.a(detectionPoteau.o) (_ZN8Position13calculerAngleEh)
../lib//librairie.a(pwm.o)    ../lib//librairie.a(moteur.o) (_Z17initialisationPwmv)
../lib//librairie.a(son.o)    ../lib//librairie.a(detectionPoteau.o) (_ZN7MusiqueC1Ev)
../lib//librairie.a(svg.o)    ../lib//librairie.a(modes.o) (_ZN9DessinSvgC1Ev)
../lib//librairie.a(USART.o)  main.o (_Z18initialisationUartv)
../lib//librairie.a(can.o)    ../lib//librairie.a(detectionPoteau.o) (_ZN3canC1Ev)
/usr/lib/gcc/avr/11.2.0/avr5/libgcc.a(_udivmodqi4.o)
                              ../lib//librairie.a(svg.o) (__udivmodqi4)
/usr/lib/gcc/avr/11.2.0/avr5/libgcc.a(_udivmodhi4.o)
                              ../lib//librairie.a(position.o) (__udivmodhi4)
/usr/lib/gcc/avr/11.2.0/avr5/libgcc.a(_divmodhi4.o)
                              ../lib//librairie.a(svg.o) (__divmodhi4)
/usr/lib/gcc/avr/11.2.0/avr5/libgcc.a(_exit.o)
                              /usr/lib/gcc/avr/11.2.0/../../../../avr/lib/avr5/crtatmega324pa.o (exit)
/usr/lib/gcc/avr/11.2.0/avr5/libgcc.a(_copy_data.o)
                              ../lib//librairie.a(memoire_24.o) (__do_copy_data)
/usr/lib/gcc/avr/11.2.0/avr5/libgcc.a(_clear_bss.o)
                              main.o (__do_clear_bss)
/usr/lib/gcc/avr/11.2.0/avr5/libgcc.a(_ctors.o)
                              main.o (__do_global_ctors)
/usr/lib/gcc/avr/11.2.0/avr5/libgcc.a(_tablejump2.o)
                              /usr/lib/gcc/avr/11.2.0/avr5/libgcc.a(_ctors.o) (__tablejump2__)
/usr/lib/gcc/avr/11.2.0/../../../../avr/lib/avr5/libm.a(addsf3.o)
                              ../lib//librairie.a(svg.o) (__addsf3)
/usr/lib/gcc/avr/11.2.0/../../../../avr/lib/avr5/libm.a(addsf3x.o)
                              /usr/lib/gcc/avr/11.2.0/../../../../avr/lib/avr5/libm.a(addsf3.o) (__addsf3x)
/usr/lib/gcc/avr/11.2.0/../../../../avr/lib/avr5/libm.a(cmpsf2.o)
                              ../lib//librairie.a(moteur.o) (__ltsf2)
/usr/lib/gcc/avr/11.2.0/../../../../avr/lib/avr5/libm.a(divsf3.o)
                              ../lib//librairie.a(pwm.o) (__divsf3)
/usr/lib/gcc/avr/11.2.0/../../../../avr/lib/avr5/libm.a(divsf3x.o)
                              /usr/lib/gcc/avr/11.2.0/../../../../avr/lib/avr5/libm.a(divsf3.o) (__divsf3x)
/usr/lib/gcc/avr/11.2.0/../../../../avr/lib/avr5/libm.a(fixsfsi.o)
                              ../lib//librairie.a(position.o) (__fixsfsi)
/usr/lib/gcc/avr/11.2.0/../../../../avr/lib/avr5/libm.a(fixunssfsi.o)
                              ../lib//librairie.a(moteur.o) (__fixunssfsi)
/usr/lib/gcc/avr/11.2.0/../../../../avr/lib/avr5/libm.a(floatsisf.o)
                              ../lib//librairie.a(moteur.o) (__floatunsisf)
/usr/lib/gcc/avr/11.2.0/../../../../avr/lib/avr5/libm.a(fp_cmp.o)
                              /usr/lib/gcc/avr/11.2.0/../../../../avr/lib/avr5/libm.a(cmpsf2.o) (__fp_cmp)
/usr/lib/gcc/avr/11.2.0/../../../../avr/lib/avr5/libm.a(fp_inf.o)
                              /usr/lib/gcc/avr/11.2.0/../../../../avr/lib/avr5/libm.a(addsf3x.o) (__fp_inf)
/usr/lib/gcc/avr/11.2.0/../../../../avr/lib/avr5/libm.a(fp_nan.o)
                              /usr/lib/gcc/avr/11.2.0/../../../../avr/lib/avr5/libm.a(addsf3x.o) (__fp_nan)
/usr/lib/gcc/avr/11.2.0/../../../../avr/lib/avr5/libm.a(fp_pscA.o)
                              /usr/lib/gcc/avr/11.2.0/../../../../avr/lib/avr5/libm.a(addsf3x.o) (__fp_pscA)
/usr/lib/gcc/avr/11.2.0/../../../../avr/lib/avr5/libm.a(fp_pscB.o)
                              /usr/lib/gcc/avr/11.2.0/../../../../avr/lib/avr5/libm.a(addsf3x.o) (__fp_pscB)
/usr/lib/gcc/avr/11.2.0/../../../../avr/lib/avr5/libm.a(fp_round.o)
                              /usr/lib/gcc/avr/11.2.0/../../../../avr/lib/avr5/libm.a(addsf3.o) (__fp_round)
/usr/lib/gcc/avr/11.2.0/../../../../avr/lib/avr5/libm.a(fp_split3.o)
                              /usr/lib/gcc/avr/11.2.0/../../../../avr/lib/avr5/libm.a(addsf3x.o) (__fp_split3)
/usr/lib/gcc/avr/11.2.0/../../../../avr/lib/avr5/libm.a(fp_zero.o)
                              /usr/lib/gcc/avr/11.2.0/../../../../avr/lib/avr5/libm.a(addsf3x.o) (__fp_zero)
/usr/lib/gcc/avr/11.2.0/../../../../avr/lib/avr5/libm.a(gesf2.o)
                              ../lib//librairie.a(moteur.o) (__gtsf2)
/usr/lib/gcc/avr/11.2.0/../../../../avr/lib/avr5/libm.a(mulsf3.o)
                              ../lib//librairie.a(pwm.o) (__mulsf3)
/usr/lib/gcc/avr/11.2.0/../../../../avr/lib/avr5/libm.a(mulsf3x.o)
                              /usr/lib/gcc/avr/11.2.0/../../../../avr/lib/avr5/libm.a(mulsf3.o) (__mulsf3x)
/usr/lib/gcc/avr/11.2.0/../../../../avr/lib/avr5/libc.a(memset.o)
                              ../lib//librairie.a(svg.o) (memset)
/usr/lib/gcc/avr/11.2.0/../../../../avr/lib/avr5/libc.a(sprintf.o)
                              ../lib//librairie.a(svg.o) (sprintf)
/usr/lib/gcc/avr/11.2.0/../../../../avr/lib/avr5/libc.a(vfprintf_std.o)
                              /usr/lib/gcc/avr/11.2.0/../../../../avr/lib/avr5/libc.a(sprintf.o) (vfprintf)
/usr/lib/gcc/avr/11.2.0/../../../../avr/lib/avr5/libc.a(strnlen_P.o)
                              /usr/lib/gcc/avr/11.2.0/../../../../avr/lib/avr5/libc.a(vfprintf_std.o) (strnlen_P)
/usr/lib/gcc/avr/11.2.0/../../../../avr/lib/avr5/libc.a(strnlen.o)
                              /usr/lib/gcc/avr/11.2.0/../../../../avr/lib/avr5/libc.a(vfprintf_std.o) (strnlen)
/usr/lib/gcc/avr/11.2.0/../../../../avr/lib/avr5/libc.a(fputc.o)
                              /usr/lib/gcc/avr/11.2.0/../../../../avr/lib/avr5/libc.a(vfprintf_std.o) (fputc)
/usr/lib/gcc/avr/11.2.0/../../../../avr/lib/avr5/libc.a(ultoa_invert.o)
                              /usr/lib/gcc/avr/11.2.0/../../../../avr/lib/avr5/libc.a(vfprintf_std.o) (__ultoa_invert)
/usr/lib/gcc/avr/11.2.0/avr5/libgcc.a(_prologue.o)
                              /usr/lib/gcc/avr/11.2.0/../../../../avr/lib/avr5/libc.a(sprintf.o) (__prologue_saves__)
/usr/lib/gcc/avr/11.2.0/avr5/libgcc.a(_epilogue.o)
                              /usr/lib/gcc/avr/11.2.0/../../../../avr/lib/avr5/libc.a(sprintf.o) (__epilogue_restores__)

Memory Configuration

Name             Origin             Length             Attributes
text             0x0000000000000000 0x0000000000008000 xr
data             0x0000000000800060 0x0000000000000800 rw !x
eeprom           0x0000000000810000 0x0000000000000400 rw !x
fuse             0x0000000000820000 0x0000000000000003 rw !x
lock             0x0000000000830000 0x0000000000000400 rw !x
signature        0x0000000000840000 0x0000000000000400 rw !x
user_signatures  0x0000000000850000 0x0000000000000400 rw !x
*default*        0x0000000000000000 0xffffffffffffffff

Linker script and memory map

Address of section .data set to 0x800100
LOAD /usr/lib/gcc/avr/11.2.0/../../../../avr/lib/avr5/crtatmega324pa.o
LOAD main.o
LOAD /usr/lib/gcc/avr/11.2.0/../../../../avr/lib/avr5/libm.a
LOAD ../lib//librairie.a
START GROUP
LOAD /usr/lib/gcc/avr/11.2.0/avr5/libgcc.a
LOAD /usr/lib/gcc/avr/11.2.0/../../../../avr/lib/avr5/libm.a
LOAD /usr/lib/gcc/avr/11.2.0/../../../../avr/lib/avr5/libc.a
LOAD /usr/lib/gcc/avr/11.2.0/../../../../avr/lib/avr5/libatmega324pa.a
END GROUP
                [0x0000000000008000]                __TEXT_REGION_LENGTH__ = DEFINED (__TEXT_REGION_LENGTH__)?__TEXT_REGION_LENGTH__:0x20000
                [0x0000000000000800]                __DATA_REGION_LENGTH__ = DEFINED (__DATA_REGION_LENGTH__)?__DATA_REGION_LENGTH__:0xffa0
                [0x0000000000000400]                __EEPROM_REGION_LENGTH__ = DEFINED (__EEPROM_REGION_LENGTH__)?__EEPROM_REGION_LENGTH__:0x10000
                [0x0000000000000003]                __FUSE_REGION_LENGTH__ = DEFINED (__FUSE_REGION_LENGTH__)?__FUSE_REGION_LENGTH__:0x400
                0x0000000000000400                __LOCK_REGION_LENGTH__ = DEFINED (__LOCK_REGION_LENGTH__)?__LOCK_REGION_LENGTH__:0x400
                0x0000000000000400                __SIGNATURE_REGION_LENGTH__ = DEFINED (__SIGNATURE_REGION_LENGTH__)?__SIGNATURE_REGION_LENGTH__:0x400
                0x0000000000000400                __USER_SIGNATURE_REGION_LENGTH__ = DEFINED (__USER_SIGNATURE_REGION_LENGTH__)?__USER_SIGNATURE_REGION_LENGTH__:0x400

.hash
 *(.hash)

.dynsym
 *(.dynsym)

.dynstr
 *(.dynstr)

.gnu.version
 *(.gnu.version)

.gnu.version_d
 *(.gnu.version_d)

.gnu.version_r
 *(.gnu.version_r)

.rel.init
 *(.rel.init)

.rela.init
 *(.rela.init)

.rel.text
 *(.rel.text)
 *(.rel.text.*)
 *(.rel.gnu.linkonce.t*)

.rela.text
 *(.rela.text)
 *(.rela.text.*)
 *(.rela.gnu.linkonce.t*)

.rel.fini
 *(.rel.fini)

.rela.fini
 *(.rela.fini)

.rel.rodata
 *(.rel.rodata)
 *(.rel.rodata.*)
 *(.rel.gnu.linkonce.r*)

.rela.rodata
 *(.rela.rodata)
 *(.rela.rodata.*)
 *(.rela.gnu.linkonce.r*)

.rel.data
 *(.rel.data)
 *(.rel.data.*)
 *(.rel.gnu.linkonce.d*)

.rela.data
 *(.rela.data)
 *(.rela.data.*)
 *(.rela.gnu.linkonce.d*)

.rel.ctors
 *(.rel.ctors)

.rela.ctors
 *(.rela.ctors)

.rel.dtors
 *(.rel.dtors)

.rela.dtors
 *(.rela.dtors)

.rel.got
 *(.rel.got)

.rela.got
 *(.rela.got)

.rel.bss
 *(.rel.bss)

.rela.bss
 *(.rela.bss)

.rel.plt
 *(.rel.plt)

.rela.plt
 *(.rela.plt)

.text           0x0000000000000000     0x2fd0
 *(.vectors)
 .vectors       0x0000000000000000       0x7c /usr/lib/gcc/avr/11.2.0/../../../../avr/lib/avr5/crtatmega324pa.o
                0x0000000000000000                __vectors
                0x0000000000000000                __vector_default
 *(.vectors)
 *(.progmem.gcc*)
                0x000000000000007c                . = ALIGN (0x2)
                0x000000000000007c                __trampolines_start = .
 *(.trampolines)
 .trampolines   0x000000000000007c        0x0 linker stubs
 *(.trampolines*)
                0x000000000000007c                __trampolines_end = .
 *libprintf_flt.a:*(.progmem.data)
 *libc.a:*(.progmem.data)
 *(.progmem.*)
                0x000000000000007c                . = ALIGN (0x2)
 *(.lowtext)
 *(.lowtext*)
                0x000000000000007c                __ctors_start = .
 *(.ctors)
 .ctors         0x000000000000007c        0x2 main.o
                0x000000000000007e                __ctors_end = .
                0x000000000000007e                __dtors_start = .
 *(.dtors)
                0x000000000000007e                __dtors_end = .
 SORT_BY_NAME(*)(.ctors)
 SORT_BY_NAME(*)(.dtors)
 *(.init0)
 .init0         0x000000000000007e        0x0 /usr/lib/gcc/avr/11.2.0/../../../../avr/lib/avr5/crtatmega324pa.o
                0x000000000000007e                __init
 *(.init0)
 *(.init1)
 *(.init1)
 *(.init2)
 .init2         0x000000000000007e        0xc /usr/lib/gcc/avr/11.2.0/../../../../avr/lib/avr5/crtatmega324pa.o
 *(.init2)
 *(.init3)
 *(.init3)
 *(.init4)
 .init4         0x000000000000008a       0x16 /usr/lib/gcc/avr/11.2.0/avr5/libgcc.a(_copy_data.o)
                0x000000000000008a                __do_copy_data
 .init4         0x00000000000000a0       0x10 /usr/lib/gcc/avr/11.2.0/avr5/libgcc.a(_clear_bss.o)
                0x00000000000000a0                __do_clear_bss
 *(.init4)
 *(.init5)
 *(.init5)
 *(.init6)
 .init6         0x00000000000000b0       0x16 /usr/lib/gcc/avr/11.2.0/avr5/libgcc.a(_ctors.o)
                0x00000000000000b0                __do_global_ctors
 *(.init6)
 *(.init7)
 *(.init7)
 *(.init8)
 *(.init8)
 *(.init9)
 .init9         0x00000000000000c6        0x8 /usr/lib/gcc/avr/11.2.0/../../../../avr/lib/avr5/crtatmega324pa.o
 *(.init9)
 *(.text)
 .text          0x00000000000000ce        0x4 /usr/lib/gcc/avr/11.2.0/../../../../avr/lib/avr5/crtatmega324pa.o
                0x00000000000000ce                __vector_22
                0x00000000000000ce                __vector_28
                0x00000000000000ce                __vector_24
                0x00000000000000ce                __vector_12
                0x00000000000000ce                __bad_interrupt
                0x00000000000000ce                __vector_6
                0x00000000000000ce                __vector_3
                0x00000000000000ce                __vector_23
                0x00000000000000ce                __vector_30
                0x00000000000000ce                __vector_25
                0x00000000000000ce                __vector_11
                0x00000000000000ce                __vector_13
                0x00000000000000ce                __vector_17
                0x00000000000000ce                __vector_19
                0x00000000000000ce                __vector_7
                0x00000000000000ce                __vector_27
                0x00000000000000ce                __vector_5
                0x00000000000000ce                __vector_4
                0x00000000000000ce                __vector_9
                0x00000000000000ce                __vector_21
                0x00000000000000ce                __vector_15
                0x00000000000000ce                __vector_29
                0x00000000000000ce                __vector_8
                0x00000000000000ce                __vector_26
                0x00000000000000ce                __vector_14
                0x00000000000000ce                __vector_10
                0x00000000000000ce                __vector_16
                0x00000000000000ce                __vector_18
                0x00000000000000ce                __vector_20
 .text          0x00000000000000d2       0x72 main.o
                0x00000000000000d2                _Z15initialiserPortv
                0x00000000000000e0                _Z14initialisationv
                0x00000000000000fc                __vector_1
                0x0000000000000120                __vector_2
 .text          0x0000000000000144      0x120 ../lib//librairie.a(del.o)
                0x0000000000000144                _ZN3DelC2ERVh
                0x0000000000000144                _ZN3DelC1ERVh
                0x000000000000014c                _ZN3Del10allumerDelE7Couleur
                0x00000000000001b8                _ZN3Del12clignoterDelE7Couleur
                0x0000000000000262                _ZN3DelD1Ev
                0x0000000000000262                _ZN3DelD2Ev
 .text          0x0000000000000264      0x5bc ../lib//librairie.a(detectionPoteau.o)
                0x0000000000000264                _ZN15DetectionPoteau16premiereEcritureEv
                0x00000000000002fc                _ZN15DetectionPoteau9detectionE4Sens
 .text          0x0000000000000820      0x35e ../lib//librairie.a(memoire_24.o)
                0x0000000000000820                _ZN13Memoire24CXXXD2Ev
                0x0000000000000820                _ZN13Memoire24CXXXD1Ev
                0x0000000000000822                _ZN13Memoire24CXXX4initEv
                0x0000000000000834                _ZN13Memoire24CXXXC2Ev
                0x0000000000000834                _ZN13Memoire24CXXXC1Ev
                0x0000000000000840                _ZN13Memoire24CXXX12choisir_bancEh
                0x0000000000000856                _ZN13Memoire24CXXX7lectureEjPh
                0x0000000000000918                _ZN13Memoire24CXXX7lectureEjPhh
                0x00000000000009e2                _ZN13Memoire24CXXX8ecritureEjh
                0x0000000000000a72                _ZN13Memoire24CXXX11ecrire_pageEjPhh
                0x0000000000000b34                _ZN13Memoire24CXXX8ecritureEjPhh
 .text          0x0000000000000b7e      0x29a ../lib//librairie.a(modes.o)
                0x0000000000000b7e                _Z10genererSvgP5Pointh
                0x0000000000000c5e                _Z4menu5ModesRb
 .text          0x0000000000000e18      0x3c6 ../lib//librairie.a(moteur.o)
                0x0000000000000e18                _ZN6MoteurC2EPVhhh
                0x0000000000000e18                _ZN6MoteurC1EPVhhh
                0x0000000000000e4c                _ZN6Moteur7avancerEd
                0x0000000000000ed0                _ZN6Moteur7reculerEd
                0x0000000000000f4c                _ZN6Moteur7tournerE9Directiond
                0x000000000000102c                _ZN6Moteur17ajustementVitesseEdd
                0x00000000000011d0                _ZN6Moteur7arreterEv
 .text          0x00000000000011de      0x1fa ../lib//librairie.a(position.o)
                0x00000000000011de                _Z7absolued
                0x0000000000001236                _ZN8Position13calculerAngleEh
                0x000000000000133a                _ZN8Position11setPositionE4Senshj
 .text          0x00000000000013d8      0x100 ../lib//librairie.a(pwm.o)
                0x00000000000013d8                _Z17initialisationPwmv
                0x00000000000013f2                _Z10ajusterPwmdd
 .text          0x00000000000014d8       0xc8 ../lib//librairie.a(son.o)
                0x00000000000014d8                _ZN7MusiqueC2Ev
                0x00000000000014d8                _ZN7MusiqueC1Ev
                0x00000000000014f0                _ZN7Musique9jouerNoteEh
                0x000000000000159c                _ZN7Musique12arreterJouerEv
 .text          0x00000000000015a0      0xd7e ../lib//librairie.a(svg.o)
                0x00000000000015a0                _Z11orientation5PointS_S_
                0x0000000000001602                _ZN9DessinSvgC1Ev
                0x0000000000001602                _ZN9DessinSvgC2Ev
                0x0000000000001616                _ZN9DessinSvg11majCrcOctetEm
                0x0000000000001666                _ZN9DessinSvg6majCrcEPKc
                0x000000000000171c                _ZN9DessinSvg17transmissionLigneEPKc
                0x0000000000001734                _ZN9DessinSvg14initialiserSvgEhjPKc
                0x000000000000181a                _ZN9DessinSvg13dessinerCarreEhhPKc
                0x00000000000018a6                _ZN9DessinSvg18dessinerCercleGrisE5Point
                0x000000000000192a                _ZN9DessinSvg20dessinerPolygoneVertEP5Pointh
                0x0000000000002254                _ZN9DessinSvg8finirSvgEv
                0x00000000000022a8                _ZN9DessinSvg15transmissionCrcEv
 .text          0x000000000000231e       0x7c ../lib//librairie.a(USART.o)
                0x000000000000231e                _Z18initialisationUartv
                0x0000000000002348                _Z16transmissionUarth
                0x0000000000002356                _Z16transmissionUartPKc
                0x000000000000238c                _Z13receptionUartv
 .text          0x000000000000239a       0x58 ../lib//librairie.a(can.o)
                0x000000000000239a                _ZN3canC2Ev
                0x000000000000239a                _ZN3canC1Ev
                0x00000000000023a6                _ZN3canD1Ev
                0x00000000000023a6                _ZN3canD2Ev
                0x00000000000023ac                _ZN3can7lectureEh
 .text          0x00000000000023f2        0x0 /usr/lib/gcc/avr/11.2.0/avr5/libgcc.a(_udivmodqi4.o)
 .text          0x00000000000023f2        0x0 /usr/lib/gcc/avr/11.2.0/avr5/libgcc.a(_udivmodhi4.o)
 .text          0x00000000000023f2        0x0 /usr/lib/gcc/avr/11.2.0/avr5/libgcc.a(_divmodhi4.o)
 .text          0x00000000000023f2        0x0 /usr/lib/gcc/avr/11.2.0/avr5/libgcc.a(_exit.o)
 .text          0x00000000000023f2        0x0 /usr/lib/gcc/avr/11.2.0/avr5/libgcc.a(_copy_data.o)
 .text          0x00000000000023f2        0x0 /usr/lib/gcc/avr/11.2.0/avr5/libgcc.a(_clear_bss.o)
 .text          0x00000000000023f2        0x0 /usr/lib/gcc/avr/11.2.0/avr5/libgcc.a(_ctors.o)
 .text          0x00000000000023f2        0x0 /usr/lib/gcc/avr/11.2.0/avr5/libgcc.a(_tablejump2.o)
 .text          0x00000000000023f2        0x0 /usr/lib/gcc/avr/11.2.0/../../../../avr/lib/avr5/libm.a(addsf3.o)
 .text          0x00000000000023f2        0x0 /usr/lib/gcc/avr/11.2.0/../../../../avr/lib/avr5/libm.a(addsf3x.o)
 .text          0x00000000000023f2        0x0 /usr/lib/gcc/avr/11.2.0/../../../../avr/lib/avr5/libm.a(cmpsf2.o)
 .text          0x00000000000023f2        0x0 /usr/lib/gcc/avr/11.2.0/../../../../avr/lib/avr5/libm.a(divsf3.o)
 .text          0x00000000000023f2        0x0 /usr/lib/gcc/avr/11.2.0/../../../../avr/lib/avr5/libm.a(divsf3x.o)
 .text          0x00000000000023f2        0x0 /usr/lib/gcc/avr/11.2.0/../../../../avr/lib/avr5/libm.a(fixsfsi.o)
 .text          0x00000000000023f2        0x0 /usr/lib/gcc/avr/11.2.0/../../../../avr/lib/avr5/libm.a(fixunssfsi.o)
 .text          0x00000000000023f2        0x0 /usr/lib/gcc/avr/11.2.0/../../../../avr/lib/avr5/libm.a(floatsisf.o)
 .text          0x00000000000023f2        0x0 /usr/lib/gcc/avr/11.2.0/../../../../avr/lib/avr5/libm.a(fp_cmp.o)
 .text          0x00000000000023f2        0x0 /usr/lib/gcc/avr/11.2.0/../../../../avr/lib/avr5/libm.a(fp_inf.o)
 .text          0x00000000000023f2        0x0 /usr/lib/gcc/avr/11.2.0/../../../../avr/lib/avr5/libm.a(fp_nan.o)
 .text          0x00000000000023f2        0x0 /usr/lib/gcc/avr/11.2.0/../../../../avr/lib/avr5/libm.a(fp_pscA.o)
 .text          0x00000000000023f2        0x0 /usr/lib/gcc/avr/11.2.0/../../../../avr/lib/avr5/libm.a(fp_pscB.o)
 .text          0x00000000000023f2        0x0 /usr/lib/gcc/avr/11.2.0/../../../../avr/lib/avr5/libm.a(fp_round.o)
 .text          0x00000000000023f2        0x0 /usr/lib/gcc/avr/11.2.0/../../../../avr/lib/avr5/libm.a(fp_split3.o)
 .text          0x00000000000023f2        0x0 /usr/lib/gcc/avr/11.2.0/../../../../avr/lib/avr5/libm.a(fp_zero.o)
 .text          0x00000000000023f2        0x0 /usr/lib/gcc/avr/11.2.0/../../../../avr/lib/avr5/libm.a(gesf2.o)
 .text          0x00000000000023f2        0x0 /usr/lib/gcc/avr/11.2.0/../../../../avr/lib/avr5/libm.a(mulsf3.o)
 .text          0x00000000000023f2        0x0 /usr/lib/gcc/avr/11.2.0/../../../../avr/lib/avr5/libm.a(mulsf3x.o)
 .text          0x00000000000023f2        0x0 /usr/lib/gcc/avr/11.2.0/../../../../avr/lib/avr5/libc.a(memset.o)
 .text          0x00000000000023f2        0x0 /usr/lib/gcc/avr/11.2.0/../../../../avr/lib/avr5/libc.a(sprintf.o)
 .text          0x00000000000023f2        0x0 /usr/lib/gcc/avr/11.2.0/../../../../avr/lib/avr5/libc.a(vfprintf_std.o)
 .text          0x00000000000023f2        0x0 /usr/lib/gcc/avr/11.2.0/../../../../avr/lib/avr5/libc.a(strnlen_P.o)
 .text          0x00000000000023f2        0x0 /usr/lib/gcc/avr/11.2.0/../../../../avr/lib/avr5/libc.a(strnlen.o)
 .text          0x00000000000023f2        0x0 /usr/lib/gcc/avr/11.2.0/../../../../avr/lib/avr5/libc.a(fputc.o)
 .text          0x00000000000023f2        0x0 /usr/lib/gcc/avr/11.2.0/../../../../avr/lib/avr5/libc.a(ultoa_invert.o)
 .text          0x00000000000023f2        0x0 /usr/lib/gcc/avr/11.2.0/avr5/libgcc.a(_prologue.o)
 .text          0x00000000000023f2        0x0 /usr/lib/gcc/avr/11.2.0/avr5/libgcc.a(_epilogue.o)
                0x00000000000023f2                . = ALIGN (0x2)
 *(.text.*)
 .text.startup  0x00000000000023f2      0x13a main.o
                0x00000000000023f2                main
 .text.libgcc.mul
                0x000000000000252c        0x0 /usr/lib/gcc/avr/11.2.0/avr5/libgcc.a(_udivmodqi4.o)
 .text.libgcc.div
                0x000000000000252c       0x18 /usr/lib/gcc/avr/11.2.0/avr5/libgcc.a(_udivmodqi4.o)
                0x000000000000252c                __udivmodqi4
 .text.libgcc   0x0000000000002544        0x0 /usr/lib/gcc/avr/11.2.0/avr5/libgcc.a(_udivmodqi4.o)
 .text.libgcc.prologue
                0x0000000000002544        0x0 /usr/lib/gcc/avr/11.2.0/avr5/libgcc.a(_udivmodqi4.o)
 .text.libgcc.builtins
                0x0000000000002544        0x0 /usr/lib/gcc/avr/11.2.0/avr5/libgcc.a(_udivmodqi4.o)
 .text.libgcc.fmul
                0x0000000000002544        0x0 /usr/lib/gcc/avr/11.2.0/avr5/libgcc.a(_udivmodqi4.o)
 .text.libgcc.fixed
                0x0000000000002544        0x0 /usr/lib/gcc/avr/11.2.0/avr5/libgcc.a(_udivmodqi4.o)
 .text.libgcc.mul
                0x0000000000002544        0x0 /usr/lib/gcc/avr/11.2.0/avr5/libgcc.a(_udivmodhi4.o)
 .text.libgcc.div
                0x0000000000002544       0x28 /usr/lib/gcc/avr/11.2.0/avr5/libgcc.a(_udivmodhi4.o)
                0x0000000000002544                __udivmodhi4
 .text.libgcc   0x000000000000256c        0x0 /usr/lib/gcc/avr/11.2.0/avr5/libgcc.a(_udivmodhi4.o)
 .text.libgcc.prologue
                0x000000000000256c        0x0 /usr/lib/gcc/avr/11.2.0/avr5/libgcc.a(_udivmodhi4.o)
 .text.libgcc.builtins
                0x000000000000256c        0x0 /usr/lib/gcc/avr/11.2.0/avr5/libgcc.a(_udivmodhi4.o)
 .text.libgcc.fmul
                0x000000000000256c        0x0 /usr/lib/gcc/avr/11.2.0/avr5/libgcc.a(_udivmodhi4.o)
 .text.libgcc.fixed
                0x000000000000256c        0x0 /usr/lib/gcc/avr/11.2.0/avr5/libgcc.a(_udivmodhi4.o)
 .text.libgcc.mul
                0x000000000000256c        0x0 /usr/lib/gcc/avr/11.2.0/avr5/libgcc.a(_divmodhi4.o)
 .text.libgcc.div
                0x000000000000256c       0x28 /usr/lib/gcc/avr/11.2.0/avr5/libgcc.a(_divmodhi4.o)
                0x000000000000256c                __divmodhi4
                0x000000000000256c                _div
 .text.libgcc   0x0000000000002594        0x0 /usr/lib/gcc/avr/11.2.0/avr5/libgcc.a(_divmodhi4.o)
 .text.libgcc.prologue
                0x0000000000002594        0x0 /usr/lib/gcc/avr/11.2.0/avr5/libgcc.a(_divmodhi4.o)
 .text.libgcc.builtins
                0x0000000000002594        0x0 /usr/lib/gcc/avr/11.2.0/avr5/libgcc.a(_divmodhi4.o)
 .text.libgcc.fmul
                0x0000000000002594        0x0 /usr/lib/gcc/avr/11.2.0/avr5/libgcc.a(_divmodhi4.o)
 .text.libgcc.fixed
                0x0000000000002594        0x0 /usr/lib/gcc/avr/11.2.0/avr5/libgcc.a(_divmodhi4.o)
 .text.libgcc.mul
                0x0000000000002594        0x0 /usr/lib/gcc/avr/11.2.0/avr5/libgcc.a(_exit.o)
 .text.libgcc.div
                0x0000000000002594        0x0 /usr/lib/gcc/avr/11.2.0/avr5/libgcc.a(_exit.o)
 .text.libgcc   0x0000000000002594        0x0 /usr/lib/gcc/avr/11.2.0/avr5/libgcc.a(_exit.o)
 .text.libgcc.prologue
                0x0000000000002594        0x0 /usr/lib/gcc/avr/11.2.0/avr5/libgcc.a(_exit.o)
 .text.libgcc.builtins
                0x0000000000002594        0x0 /usr/lib/gcc/avr/11.2.0/avr5/libgcc.a(_exit.o)
 .text.libgcc.fmul
                0x0000000000002594        0x0 /usr/lib/gcc/avr/11.2.0/avr5/libgcc.a(_exit.o)
 .text.libgcc.fixed
                0x0000000000002594        0x0 /usr/lib/gcc/avr/11.2.0/avr5/libgcc.a(_exit.o)
 .text.libgcc.mul
                0x0000000000002594        0x0 /usr/lib/gcc/avr/11.2.0/avr5/libgcc.a(_copy_data.o)
 .text.libgcc.div
                0x0000000000002594        0x0 /usr/lib/gcc/avr/11.2.0/avr5/libgcc.a(_copy_data.o)
 .text.libgcc   0x0000000000002594        0x0 /usr/lib/gcc/avr/11.2.0/avr5/libgcc.a(_copy_data.o)
 .text.libgcc.prologue
                0x0000000000002594        0x0 /usr/lib/gcc/avr/11.2.0/avr5/libgcc.a(_copy_data.o)
 .text.libgcc.builtins
                0x0000000000002594        0x0 /usr/lib/gcc/avr/11.2.0/avr5/libgcc.a(_copy_data.o)
 .text.libgcc.fmul
                0x0000000000002594        0x0 /usr/lib/gcc/avr/11.2.0/avr5/libgcc.a(_copy_data.o)
 .text.libgcc.fixed
                0x0000000000002594        0x0 /usr/lib/gcc/avr/11.2.0/avr5/libgcc.a(_copy_data.o)
 .text.libgcc.mul
                0x0000000000002594        0x0 /usr/lib/gcc/avr/11.2.0/avr5/libgcc.a(_clear_bss.o)
 .text.libgcc.div
                0x0000000000002594        0x0 /usr/lib/gcc/avr/11.2.0/avr5/libgcc.a(_clear_bss.o)
 .text.libgcc   0x0000000000002594        0x0 /usr/lib/gcc/avr/11.2.0/avr5/libgcc.a(_clear_bss.o)
 .text.libgcc.prologue
                0x0000000000002594        0x0 /usr/lib/gcc/avr/11.2.0/avr5/libgcc.a(_clear_bss.o)
 .text.libgcc.builtins
                0x0000000000002594        0x0 /usr/lib/gcc/avr/11.2.0/avr5/libgcc.a(_clear_bss.o)
 .text.libgcc.fmul
                0x0000000000002594        0x0 /usr/lib/gcc/avr/11.2.0/avr5/libgcc.a(_clear_bss.o)
 .text.libgcc.fixed
                0x0000000000002594        0x0 /usr/lib/gcc/avr/11.2.0/avr5/libgcc.a(_clear_bss.o)
 .text.libgcc.mul
                0x0000000000002594        0x0 /usr/lib/gcc/avr/11.2.0/avr5/libgcc.a(_ctors.o)
 .text.libgcc.div
                0x0000000000002594        0x0 /usr/lib/gcc/avr/11.2.0/avr5/libgcc.a(_ctors.o)
 .text.libgcc   0x0000000000002594        0x0 /usr/lib/gcc/avr/11.2.0/avr5/libgcc.a(_ctors.o)
 .text.libgcc.prologue
                0x0000000000002594        0x0 /usr/lib/gcc/avr/11.2.0/avr5/libgcc.a(_ctors.o)
 .text.libgcc.builtins
                0x0000000000002594        0x0 /usr/lib/gcc/avr/11.2.0/avr5/libgcc.a(_ctors.o)
 .text.libgcc.fmul
                0x0000000000002594        0x0 /usr/lib/gcc/avr/11.2.0/avr5/libgcc.a(_ctors.o)
 .text.libgcc.fixed
                0x0000000000002594        0x0 /usr/lib/gcc/avr/11.2.0/avr5/libgcc.a(_ctors.o)
 .text.libgcc.mul
                0x0000000000002594        0x0 /usr/lib/gcc/avr/11.2.0/avr5/libgcc.a(_tablejump2.o)
 .text.libgcc.div
                0x0000000000002594        0x0 /usr/lib/gcc/avr/11.2.0/avr5/libgcc.a(_tablejump2.o)
 .text.libgcc   0x0000000000002594        0xc /usr/lib/gcc/avr/11.2.0/avr5/libgcc.a(_tablejump2.o)
                0x0000000000002594                __tablejump2__
 .text.libgcc.prologue
                0x00000000000025a0        0x0 /usr/lib/gcc/avr/11.2.0/avr5/libgcc.a(_tablejump2.o)
 .text.libgcc.builtins
                0x00000000000025a0        0x0 /usr/lib/gcc/avr/11.2.0/avr5/libgcc.a(_tablejump2.o)
 .text.libgcc.fmul
                0x00000000000025a0        0x0 /usr/lib/gcc/avr/11.2.0/avr5/libgcc.a(_tablejump2.o)
 .text.libgcc.fixed
                0x00000000000025a0        0x0 /usr/lib/gcc/avr/11.2.0/avr5/libgcc.a(_tablejump2.o)
 .text.avr-libc.fplib
                0x00000000000025a0        0xe /usr/lib/gcc/avr/11.2.0/../../../../avr/lib/avr5/libm.a(addsf3.o)
                0x00000000000025a0                __subsf3
                0x00000000000025a2                __addsf3
 .text.avr-libc.fplib
                0x00000000000025ae       0xcc /usr/lib/gcc/avr/11.2.0/../../../../avr/lib/avr5/libm.a(addsf3x.o)
                0x00000000000025d0                __addsf3x
 .text.avr-libc.fplib
                0x000000000000267a        0xa /usr/lib/gcc/avr/11.2.0/../../../../avr/lib/avr5/libm.a(cmpsf2.o)
                0x000000000000267a                __lesf2
                0x000000000000267a                __nesf2
                0x000000000000267a                __eqsf2
                0x000000000000267a                __cmpsf2
                0x000000000000267a                __ltsf2
 .text.avr-libc.fplib
                0x0000000000002684        0x8 /usr/lib/gcc/avr/11.2.0/../../../../avr/lib/avr5/libm.a(divsf3.o)
                0x0000000000002684                __divsf3
 .text.avr-libc.fplib
                0x000000000000268c       0xdc /usr/lib/gcc/avr/11.2.0/../../../../avr/lib/avr5/libm.a(divsf3x.o)
                0x00000000000026ac                __divsf3x
                0x00000000000026b2                __divsf3_pse
 .text.avr-libc.fplib
                0x0000000000002768        0xe /usr/lib/gcc/avr/11.2.0/../../../../avr/lib/avr5/libm.a(fixsfsi.o)
                0x0000000000002768                __fixsfsi
 .text.avr-libc.fplib
                0x0000000000002776       0x5e /usr/lib/gcc/avr/11.2.0/../../../../avr/lib/avr5/libm.a(fixunssfsi.o)
                0x0000000000002776                __fixunssfsi
 .text.avr-libc.fplib
                0x00000000000027d4       0x7a /usr/lib/gcc/avr/11.2.0/../../../../avr/lib/avr5/libm.a(floatsisf.o)
                0x00000000000027d4                __floatunsisf
                0x00000000000027d8                __floatsisf
 .text.avr-libc.fplib
                0x000000000000284e       0x48 /usr/lib/gcc/avr/11.2.0/../../../../avr/lib/avr5/libm.a(fp_cmp.o)
                0x000000000000284e                __fp_cmp
 .text.avr-libc.fplib
                0x0000000000002896        0xc /usr/lib/gcc/avr/11.2.0/../../../../avr/lib/avr5/libm.a(fp_inf.o)
                0x0000000000002896                __fp_inf
 .text.avr-libc.fplib
                0x00000000000028a2        0x6 /usr/lib/gcc/avr/11.2.0/../../../../avr/lib/avr5/libm.a(fp_nan.o)
                0x00000000000028a2                __fp_nan
 .text.avr-libc.fplib
                0x00000000000028a8        0xe /usr/lib/gcc/avr/11.2.0/../../../../avr/lib/avr5/libm.a(fp_pscA.o)
                0x00000000000028a8                __fp_pscA
 .text.avr-libc.fplib
                0x00000000000028b6        0xe /usr/lib/gcc/avr/11.2.0/../../../../avr/lib/avr5/libm.a(fp_pscB.o)
                0x00000000000028b6                __fp_pscB
 .text.avr-libc.fplib
                0x00000000000028c4       0x22 /usr/lib/gcc/avr/11.2.0/../../../../avr/lib/avr5/libm.a(fp_round.o)
                0x00000000000028c4                __fp_round
 .text.avr-libc.fplib
                0x00000000000028e6       0x44 /usr/lib/gcc/avr/11.2.0/../../../../avr/lib/avr5/libm.a(fp_split3.o)
                0x00000000000028e6                __fp_split3
                0x00000000000028f6                __fp_splitA
 .text.avr-libc.fplib
                0x000000000000292a        0xe /usr/lib/gcc/avr/11.2.0/../../../../avr/lib/avr5/libm.a(fp_zero.o)
                0x000000000000292a                __fp_zero
                0x000000000000292c                __fp_szero
 .text.avr-libc.fplib
                0x0000000000002938        0xa /usr/lib/gcc/avr/11.2.0/../../../../avr/lib/avr5/libm.a(gesf2.o)
                0x0000000000002938                __gtsf2
                0x0000000000002938                __gesf2
 .text.avr-libc.fplib
                0x0000000000002942        0x8 /usr/lib/gcc/avr/11.2.0/../../../../avr/lib/avr5/libm.a(mulsf3.o)
                0x0000000000002942                __mulsf3
 .text.avr-libc.fplib
                0x000000000000294a       0xd2 /usr/lib/gcc/avr/11.2.0/../../../../avr/lib/avr5/libm.a(mulsf3x.o)
                0x0000000000002968                __mulsf3x
                0x000000000000296e                __mulsf3_pse
 .text.avr-libc
                0x0000000000002a1c        0xe /usr/lib/gcc/avr/11.2.0/../../../../avr/lib/avr5/libc.a(memset.o)
                0x0000000000002a1c                memset
 .text.avr-libc
                0x0000000000002a2a       0x46 /usr/lib/gcc/avr/11.2.0/../../../../avr/lib/avr5/libc.a(sprintf.o)
                0x0000000000002a2a                sprintf
 .text.avr-libc
                0x0000000000002a70      0x3a6 /usr/lib/gcc/avr/11.2.0/../../../../avr/lib/avr5/libc.a(vfprintf_std.o)
                0x0000000000002a70                vfprintf
 .text.avr-libc
                0x0000000000002e16       0x16 /usr/lib/gcc/avr/11.2.0/../../../../avr/lib/avr5/libc.a(strnlen_P.o)
                0x0000000000002e16                strnlen_P
 .text.avr-libc
                0x0000000000002e2c       0x16 /usr/lib/gcc/avr/11.2.0/../../../../avr/lib/avr5/libc.a(strnlen.o)
                0x0000000000002e2c                strnlen
 .text.avr-libc
                0x0000000000002e42       0x60 /usr/lib/gcc/avr/11.2.0/../../../../avr/lib/avr5/libc.a(fputc.o)
                0x0000000000002e42                fputc
 .text.avr-libc
                0x0000000000002ea2       0xbc /usr/lib/gcc/avr/11.2.0/../../../../avr/lib/avr5/libc.a(ultoa_invert.o)
                0x0000000000002ea2                __ultoa_invert
 .text.libgcc.mul
                0x0000000000002f5e        0x0 /usr/lib/gcc/avr/11.2.0/avr5/libgcc.a(_prologue.o)
 .text.libgcc.div
                0x0000000000002f5e        0x0 /usr/lib/gcc/avr/11.2.0/avr5/libgcc.a(_prologue.o)
 .text.libgcc   0x0000000000002f5e        0x0 /usr/lib/gcc/avr/11.2.0/avr5/libgcc.a(_prologue.o)
 .text.libgcc.prologue
                0x0000000000002f5e       0x38 /usr/lib/gcc/avr/11.2.0/avr5/libgcc.a(_prologue.o)
                0x0000000000002f5e                __prologue_saves__
 .text.libgcc.builtins
                0x0000000000002f96        0x0 /usr/lib/gcc/avr/11.2.0/avr5/libgcc.a(_prologue.o)
 .text.libgcc.fmul
                0x0000000000002f96        0x0 /usr/lib/gcc/avr/11.2.0/avr5/libgcc.a(_prologue.o)
 .text.libgcc.fixed
                0x0000000000002f96        0x0 /usr/lib/gcc/avr/11.2.0/avr5/libgcc.a(_prologue.o)
 .text.libgcc.mul
                0x0000000000002f96        0x0 /usr/lib/gcc/avr/11.2.0/avr5/libgcc.a(_epilogue.o)
 .text.libgcc.div
                0x0000000000002f96        0x0 /usr/lib/gcc/avr/11.2.0/avr5/libgcc.a(_epilogue.o)
 .text.libgcc   0x0000000000002f96        0x0 /usr/lib/gcc/avr/11.2.0/avr5/libgcc.a(_epilogue.o)
 .text.libgcc.prologue
                0x0000000000002f96       0x36 /usr/lib/gcc/avr/11.2.0/avr5/libgcc.a(_epilogue.o)
                0x0000000000002f96                __epilogue_restores__
 .text.libgcc.builtins
                0x0000000000002fcc        0x0 /usr/lib/gcc/avr/11.2.0/avr5/libgcc.a(_epilogue.o)
 .text.libgcc.fmul
                0x0000000000002fcc        0x0 /usr/lib/gcc/avr/11.2.0/avr5/libgcc.a(_epilogue.o)
 .text.libgcc.fixed
                0x0000000000002fcc        0x0 /usr/lib/gcc/avr/11.2.0/avr5/libgcc.a(_epilogue.o)
                0x0000000000002fcc                . = ALIGN (0x2)
 *(.fini9)
 .fini9         0x0000000000002fcc        0x0 /usr/lib/gcc/avr/11.2.0/avr5/libgcc.a(_exit.o)
                0x0000000000002fcc                exit
                0x0000000000002fcc                _exit
 *(.fini9)
 *(.fini8)
 *(.fini8)
 *(.fini7)
 *(.fini7)
 *(.fini6)
 *(.fini6)
 *(.fini5)
 *(.fini5)
 *(.fini4)
 *(.fini4)
 *(.fini3)
 *(.fini3)
 *(.fini2)
 *(.fini2)
 *(.fini1)
 *(.fini1)
 *(.fini0)
 .fini0         0x0000000000002fcc        0x4 /usr/lib/gcc/avr/11.2.0/avr5/libgcc.a(_exit.o)
 *(.fini0)
 *(.hightext)
 *(.hightext*)
 *(.progmemx.*)
                0x0000000000002fd0                . = ALIGN (0x2)
 *(.jumptables)
 *(.jumptables*)
                0x0000000000002fd0                _etext = .

.data           0x0000000000800100      0x36e load address 0x0000000000002fd0
                0x0000000000800100                PROVIDE (__data_start = .)
 *(.data)
 .data          0x0000000000800100        0x0 /usr/lib/gcc/avr/11.2.0/../../../../avr/lib/avr5/crtatmega324pa.o
 .data          0x0000000000800100        0x0 main.o
 .data          0x0000000000800100        0x0 ../lib//librairie.a(del.o)
 .data          0x0000000000800100        0x0 ../lib//librairie.a(detectionPoteau.o)
 .data          0x0000000000800100        0x1 ../lib//librairie.a(memoire_24.o)
                0x0000000000800100                _ZN13Memoire24CXXX22m_adresse_peripheriqueE
 .data          0x0000000000800101        0x0 ../lib//librairie.a(modes.o)
 .data          0x0000000000800101        0x0 ../lib//librairie.a(moteur.o)
 .data          0x0000000000800101        0x0 ../lib//librairie.a(position.o)
 .data          0x0000000000800101        0x0 ../lib//librairie.a(pwm.o)
 .data          0x0000000000800101        0x0 ../lib//librairie.a(son.o)
 .data          0x0000000000800101        0x0 ../lib//librairie.a(svg.o)
 .data          0x0000000000800101        0x0 ../lib//librairie.a(USART.o)
 .data          0x0000000000800101        0x0 ../lib//librairie.a(can.o)
 .data          0x0000000000800101        0x0 /usr/lib/gcc/avr/11.2.0/avr5/libgcc.a(_udivmodqi4.o)
 .data          0x0000000000800101        0x0 /usr/lib/gcc/avr/11.2.0/avr5/libgcc.a(_udivmodhi4.o)
 .data          0x0000000000800101        0x0 /usr/lib/gcc/avr/11.2.0/avr5/libgcc.a(_divmodhi4.o)
 .data          0x0000000000800101        0x0 /usr/lib/gcc/avr/11.2.0/avr5/libgcc.a(_exit.o)
 .data          0x0000000000800101        0x0 /usr/lib/gcc/avr/11.2.0/avr5/libgcc.a(_copy_data.o)
 .data          0x0000000000800101        0x0 /usr/lib/gcc/avr/11.2.0/avr5/libgcc.a(_clear_bss.o)
 .data          0x0000000000800101        0x0 /usr/lib/gcc/avr/11.2.0/avr5/libgcc.a(_ctors.o)
 .data          0x0000000000800101        0x0 /usr/lib/gcc/avr/11.2.0/avr5/libgcc.a(_tablejump2.o)
 .data          0x0000000000800101        0x0 /usr/lib/gcc/avr/11.2.0/../../../../avr/lib/avr5/libm.a(addsf3.o)
 .data          0x0000000000800101        0x0 /usr/lib/gcc/avr/11.2.0/../../../../avr/lib/avr5/libm.a(addsf3x.o)
 .data          0x0000000000800101        0x0 /usr/lib/gcc/avr/11.2.0/../../../../avr/lib/avr5/libm.a(cmpsf2.o)
 .data          0x0000000000800101        0x0 /usr/lib/gcc/avr/11.2.0/../../../../avr/lib/avr5/libm.a(divsf3.o)
 .data          0x0000000000800101        0x0 /usr/lib/gcc/avr/11.2.0/../../../../avr/lib/avr5/libm.a(divsf3x.o)
 .data          0x0000000000800101        0x0 /usr/lib/gcc/avr/11.2.0/../../../../avr/lib/avr5/libm.a(fixsfsi.o)
 .data          0x0000000000800101        0x0 /usr/lib/gcc/avr/11.2.0/../../../../avr/lib/avr5/libm.a(fixunssfsi.o)
 .data          0x0000000000800101        0x0 /usr/lib/gcc/avr/11.2.0/../../../../avr/lib/avr5/libm.a(floatsisf.o)
 .data          0x0000000000800101        0x0 /usr/lib/gcc/avr/11.2.0/../../../../avr/lib/avr5/libm.a(fp_cmp.o)
 .data          0x0000000000800101        0x0 /usr/lib/gcc/avr/11.2.0/../../../../avr/lib/avr5/libm.a(fp_inf.o)
 .data          0x0000000000800101        0x0 /usr/lib/gcc/avr/11.2.0/../../../../avr/lib/avr5/libm.a(fp_nan.o)
 .data          0x0000000000800101        0x0 /usr/lib/gcc/avr/11.2.0/../../../../avr/lib/avr5/libm.a(fp_pscA.o)
 .data          0x0000000000800101        0x0 /usr/lib/gcc/avr/11.2.0/../../../../avr/lib/avr5/libm.a(fp_pscB.o)
 .data          0x0000000000800101        0x0 /usr/lib/gcc/avr/11.2.0/../../../../avr/lib/avr5/libm.a(fp_round.o)
 .data          0x0000000000800101        0x0 /usr/lib/gcc/avr/11.2.0/../../../../avr/lib/avr5/libm.a(fp_split3.o)
 .data          0x0000000000800101        0x0 /usr/lib/gcc/avr/11.2.0/../../../../avr/lib/avr5/libm.a(fp_zero.o)
 .data          0x0000000000800101        0x0 /usr/lib/gcc/avr/11.2.0/../../../../avr/lib/avr5/libm.a(gesf2.o)
 .data          0x0000000000800101        0x0 /usr/lib/gcc/avr/11.2.0/../../../../avr/lib/avr5/libm.a(mulsf3.o)
 .data          0x0000000000800101        0x0 /usr/lib/gcc/avr/11.2.0/../../../../avr/lib/avr5/libm.a(mulsf3x.o)
 .data          0x0000000000800101        0x0 /usr/lib/gcc/avr/11.2.0/../../../../avr/lib/avr5/libc.a(memset.o)
 .data          0x0000000000800101        0x0 /usr/lib/gcc/avr/11.2.0/../../../../avr/lib/avr5/libc.a(sprintf.o)
 .data          0x0000000000800101        0x0 /usr/lib/gcc/avr/11.2.0/../../../../avr/lib/avr5/libc.a(vfprintf_std.o)
 .data          0x0000000000800101        0x0 /usr/lib/gcc/avr/11.2.0/../../../../avr/lib/avr5/libc.a(strnlen_P.o)
 .data          0x0000000000800101        0x0 /usr/lib/gcc/avr/11.2.0/../../../../avr/lib/avr5/libc.a(strnlen.o)
 .data          0x0000000000800101        0x0 /usr/lib/gcc/avr/11.2.0/../../../../avr/lib/avr5/libc.a(fputc.o)
 .data          0x0000000000800101        0x0 /usr/lib/gcc/avr/11.2.0/../../../../avr/lib/avr5/libc.a(ultoa_invert.o)
 .data          0x0000000000800101        0x0 /usr/lib/gcc/avr/11.2.0/avr5/libgcc.a(_prologue.o)
 .data          0x0000000000800101        0x0 /usr/lib/gcc/avr/11.2.0/avr5/libgcc.a(_epilogue.o)
 *(.data*)
 *(.gnu.linkonce.d*)
 *(.rodata)
 .rodata        0x0000000000800101       0x94 ../lib//librairie.a(son.o)
 .rodata        0x0000000000800195      0x14a ../lib//librairie.a(svg.o)
 *(.rodata*)
 .rodata.str1.1
                0x00000000008002df       0x10 ../lib//librairie.a(modes.o)
 .rodata.str1.1
                0x00000000008002ef      0x17f ../lib//librairie.a(svg.o)
 *(.gnu.linkonce.r*)
                0x000000000080046e                . = ALIGN (0x2)
                0x000000000080046e                _edata = .
                0x000000000080046e                PROVIDE (__data_end = .)

.bss            0x000000000080046e        0xa
                0x000000000080046e                PROVIDE (__bss_start = .)
 *(.bss)
 .bss           0x000000000080046e        0x0 /usr/lib/gcc/avr/11.2.0/../../../../avr/lib/avr5/crtatmega324pa.o
 .bss           0x000000000080046e        0xa main.o
                0x000000000080046e                gBlanc
                0x000000000080046f                gIntEn
                0x0000000000800470                objetDetection
 .bss           0x0000000000800478        0x0 ../lib//librairie.a(del.o)
 .bss           0x0000000000800478        0x0 ../lib//librairie.a(detectionPoteau.o)
 .bss           0x0000000000800478        0x0 ../lib//librairie.a(memoire_24.o)
 .bss           0x0000000000800478        0x0 ../lib//librairie.a(modes.o)
 .bss           0x0000000000800478        0x0 ../lib//librairie.a(moteur.o)
 .bss           0x0000000000800478        0x0 ../lib//librairie.a(position.o)
 .bss           0x0000000000800478        0x0 ../lib//librairie.a(pwm.o)
 .bss           0x0000000000800478        0x0 ../lib//librairie.a(son.o)
 .bss           0x0000000000800478        0x0 ../lib//librairie.a(svg.o)
 .bss           0x0000000000800478        0x0 ../lib//librairie.a(USART.o)
 .bss           0x0000000000800478        0x0 ../lib//librairie.a(can.o)
 .bss           0x0000000000800478        0x0 /usr/lib/gcc/avr/11.2.0/avr5/libgcc.a(_udivmodqi4.o)
 .bss           0x0000000000800478        0x0 /usr/lib/gcc/avr/11.2.0/avr5/libgcc.a(_udivmodhi4.o)
 .bss           0x0000000000800478        0x0 /usr/lib/gcc/avr/11.2.0/avr5/libgcc.a(_divmodhi4.o)
 .bss           0x0000000000800478        0x0 /usr/lib/gcc/avr/11.2.0/avr5/libgcc.a(_exit.o)
 .bss           0x0000000000800478        0x0 /usr/lib/gcc/avr/11.2.0/avr5/libgcc.a(_copy_data.o)
 .bss           0x0000000000800478        0x0 /usr/lib/gcc/avr/11.2.0/avr5/libgcc.a(_clear_bss.o)
 .bss           0x0000000000800478        0x0 /usr/lib/gcc/avr/11.2.0/avr5/libgcc.a(_ctors.o)
 .bss           0x0000000000800478        0x0 /usr/lib/gcc/avr/11.2.0/avr5/libgcc.a(_tablejump2.o)
 .bss           0x0000000000800478        0x0 /usr/lib/gcc/avr/11.2.0/../../../../avr/lib/avr5/libm.a(addsf3.o)
 .bss           0x0000000000800478        0x0 /usr/lib/gcc/avr/11.2.0/../../../../avr/lib/avr5/libm.a(addsf3x.o)
 .bss           0x0000000000800478        0x0 /usr/lib/gcc/avr/11.2.0/../../../../avr/lib/avr5/libm.a(cmpsf2.o)
 .bss           0x0000000000800478        0x0 /usr/lib/gcc/avr/11.2.0/../../../../avr/lib/avr5/libm.a(divsf3.o)
 .bss           0x0000000000800478        0x0 /usr/lib/gcc/avr/11.2.0/../../../../avr/lib/avr5/libm.a(divsf3x.o)
 .bss           0x0000000000800478        0x0 /usr/lib/gcc/avr/11.2.0/../../../../avr/lib/avr5/libm.a(fixsfsi.o)
 .bss           0x0000000000800478        0x0 /usr/lib/gcc/avr/11.2.0/../../../../avr/lib/avr5/libm.a(fixunssfsi.o)
 .bss           0x0000000000800478        0x0 /usr/lib/gcc/avr/11.2.0/../../../../avr/lib/avr5/libm.a(floatsisf.o)
 .bss           0x0000000000800478        0x0 /usr/lib/gcc/avr/11.2.0/../../../../avr/lib/avr5/libm.a(fp_cmp.o)
 .bss           0x0000000000800478        0x0 /usr/lib/gcc/avr/11.2.0/../../../../avr/lib/avr5/libm.a(fp_inf.o)
 .bss           0x0000000000800478        0x0 /usr/lib/gcc/avr/11.2.0/../../../../avr/lib/avr5/libm.a(fp_nan.o)
 .bss           0x0000000000800478        0x0 /usr/lib/gcc/avr/11.2.0/../../../../avr/lib/avr5/libm.a(fp_pscA.o)
 .bss           0x0000000000800478        0x0 /usr/lib/gcc/avr/11.2.0/../../../../avr/lib/avr5/libm.a(fp_pscB.o)
 .bss           0x0000000000800478        0x0 /usr/lib/gcc/avr/11.2.0/../../../../avr/lib/avr5/libm.a(fp_round.o)
 .bss           0x0000000000800478        0x0 /usr/lib/gcc/avr/11.2.0/../../../../avr/lib/avr5/libm.a(fp_split3.o)
 .bss           0x0000000000800478        0x0 /usr/lib/gcc/avr/11.2.0/../../../../avr/lib/avr5/libm.a(fp_zero.o)
 .bss           0x0000000000800478        0x0 /usr/lib/gcc/avr/11.2.0/../../../../avr/lib/avr5/libm.a(gesf2.o)
 .bss           0x0000000000800478        0x0 /usr/lib/gcc/avr/11.2.0/../../../../avr/lib/avr5/libm.a(mulsf3.o)
 .bss           0x0000000000800478        0x0 /usr/lib/gcc/avr/11.2.0/../../../../avr/lib/avr5/libm.a(mulsf3x.o)
 .bss           0x0000000000800478        0x0 /usr/lib/gcc/avr/11.2.0/../../../../avr/lib/avr5/libc.a(memset.o)
 .bss           0x0000000000800478        0x0 /usr/lib/gcc/avr/11.2.0/../../../../avr/lib/avr5/libc.a(sprintf.o)
 .bss           0x0000000000800478        0x0 /usr/lib/gcc/avr/11.2.0/../../../../avr/lib/avr5/libc.a(vfprintf_std.o)
 .bss           0x0000000000800478        0x0 /usr/lib/gcc/avr/11.2.0/../../../../avr/lib/avr5/libc.a(strnlen_P.o)
 .bss           0x0000000000800478        0x0 /usr/lib/gcc/avr/11.2.0/../../../../avr/lib/avr5/libc.a(strnlen.o)
 .bss           0x0000000000800478        0x0 /usr/lib/gcc/avr/11.2.0/../../../../avr/lib/avr5/libc.a(fputc.o)
 .bss           0x0000000000800478        0x0 /usr/lib/gcc/avr/11.2.0/../../../../avr/lib/avr5/libc.a(ultoa_invert.o)
 .bss           0x0000000000800478        0x0 /usr/lib/gcc/avr/11.2.0/avr5/libgcc.a(_prologue.o)
 .bss           0x0000000000800478        0x0 /usr/lib/gcc/avr/11.2.0/avr5/libgcc.a(_epilogue.o)
 *(.bss*)
 *(COMMON)
                0x0000000000800478                PROVIDE (__bss_end = .)
                0x0000000000002fd0                __data_load_start = LOADADDR (.data)
                0x000000000000333e                __data_load_end = (__data_load_start + SIZEOF (.data))

.noinit         0x0000000000800478        0x0
                [!provide]                        PROVIDE (__noinit_start = .)
 *(.noinit .noinit.* .gnu.linkonce.n.*)
                [!provide]                        PROVIDE (__noinit_end = .)
                0x0000000000800478                _end = .
                [!provide]                        PROVIDE (__heap_start = .)

.eeprom         0x0000000000810000        0x0
 *(.eeprom*)
                0x0000000000810000                __eeprom_end = .

.fuse
 *(.fuse)
 *(.lfuse)
 *(.hfuse)
 *(.efuse)

.lock
 *(.lock*)

.signature
 *(.signature*)

.stab           0x0000000000000000     0x4854
 *(.stab)
 .stab          0x0000000000000000      0x6d8 main.o
 .stab          0x00000000000006d8      0x450 ../lib//librairie.a(del.o)
                                        0x45c (size before relaxing)
 .stab          0x0000000000000b28      0xabc ../lib//librairie.a(detectionPoteau.o)
                                        0xac8 (size before relaxing)
 .stab          0x00000000000015e4      0xc18 ../lib//librairie.a(memoire_24.o)
                                        0xc24 (size before relaxing)
 .stab          0x00000000000021fc      0x6c0 ../lib//librairie.a(modes.o)
                                        0x6cc (size before relaxing)
 .stab          0x00000000000028bc      0x5dc ../lib//librairie.a(moteur.o)
                                        0x5e8 (size before relaxing)
 .stab          0x0000000000002e98      0x3fc ../lib//librairie.a(position.o)
                                        0x408 (size before relaxing)
 .stab          0x0000000000003294      0x138 ../lib//librairie.a(pwm.o)
                                        0x144 (size before relaxing)
 .stab          0x00000000000033cc      0x1c8 ../lib//librairie.a(son.o)
                                        0x1d4 (size before relaxing)
 .stab          0x0000000000003594      0xec4 ../lib//librairie.a(svg.o)
                                        0xed0 (size before relaxing)
 .stab          0x0000000000004458      0x21c ../lib//librairie.a(USART.o)
                                        0x228 (size before relaxing)
 .stab          0x0000000000004674      0x1e0 ../lib//librairie.a(can.o)
                                        0x1ec (size before relaxing)

.stabstr        0x0000000000000000     0x6050
 *(.stabstr)
 .stabstr       0x0000000000000000     0x6050 main.o

.stab.excl
 *(.stab.excl)

.stab.exclstr
 *(.stab.exclstr)

.stab.index
 *(.stab.index)

.stab.indexstr
 *(.stab.indexstr)

.comment        0x0000000000000000       0x23
 *(.comment)
 .comment       0x0000000000000000       0x23 main.o
                                         0x24 (size before relaxing)
 .comment       0x0000000000000023       0x24 ../lib//librairie.a(del.o)
 .comment       0x0000000000000023       0x24 ../lib//librairie.a(detectionPoteau.o)
 .comment       0x0000000000000023       0x24 ../lib//librairie.a(memoire_24.o)
 .comment       0x0000000000000023       0x24 ../lib//librairie.a(modes.o)
 .comment       0x0000000000000023       0x24 ../lib//librairie.a(moteur.o)
 .comment       0x0000000000000023       0x24 ../lib//librairie.a(position.o)
 .comment       0x0000000000000023       0x24 ../lib//librairie.a(pwm.o)
 .comment       0x0000000000000023       0x24 ../lib//librairie.a(son.o)
 .comment       0x0000000000000023       0x24 ../lib//librairie.a(svg.o)
 .comment       0x0000000000000023       0x24 ../lib//librairie.a(USART.o)
 .comment       0x0000000000000023       0x24 ../lib//librairie.a(can.o)
 .comment       0x0000000000000023       0x24 /usr/lib/gcc/avr/11.2.0/../../../../avr/lib/avr5/libc.a(sprintf.o)
 .comment       0x0000000000000023       0x24 /usr/lib/gcc/avr/11.2.0/../../../../avr/lib/avr5/libc.a(vfprintf_std.o)
 .comment       0x0000000000000023       0x24 /usr/lib/gcc/avr/11.2.0/../../../../avr/lib/avr5/libc.a(fputc.o)

.note.gnu.avr.deviceinfo
                0x0000000000000000       0x40
 .note.gnu.avr.deviceinfo
                0x0000000000000000       0x40 /usr/lib/gcc/avr/11.2.0/../../../../avr/lib/avr5/crtatmega324pa.o

.note.gnu.build-id
 *(.note.gnu.build-id)

.debug
 *(.debug)

.line
 *(.line)

.debug_srcinfo
 *(.debug_srcinfo)

.debug_sfnames
 *(.debug_sfnames)

.debug_aranges
 *(.debug_aranges)

.debug_pubnames
 *(.debug_pubnames)

.debug_info     0x0000000000000000      0x6cc
 *(.debug_info .gnu.linkonce.wi.*)
 .debug_info    0x0000000000000000      0x6cc /usr/lib/gcc/avr/11.2.0/../../../../avr/lib/avr5/crtatmega324pa.o

.debug_abbrev   0x0000000000000000      0x66e
 *(.debug_abbrev)
 .debug_abbrev  0x0000000000000000      0x66e /usr/lib/gcc/avr/11.2.0/../../../../avr/lib/avr5/crtatmega324pa.o

.debug_line     0x0000000000000000       0x1d
 *(.debug_line .debug_line.* .debug_line_end)
 .debug_line    0x0000000000000000       0x1d /usr/lib/gcc/avr/11.2.0/../../../../avr/lib/avr5/crtatmega324pa.o

.debug_frame
 *(.debug_frame)

.debug_str      0x0000000000000000      0x255
 *(.debug_str)
 .debug_str     0x0000000000000000      0x255 /usr/lib/gcc/avr/11.2.0/../../../../avr/lib/avr5/crtatmega324pa.o

.debug_loc
 *(.debug_loc)

.debug_macinfo
 *(.debug_macinfo)

.debug_weaknames
 *(.debug_weaknames)

.debug_funcnames
 *(.debug_funcnames)

.debug_typenames
 *(.debug_typenames)

.debug_varnames
 *(.debug_varnames)

.debug_pubtypes
 *(.debug_pubtypes)

.debug_ranges
 *(.debug_ranges)

.debug_addr
 *(.debug_addr)

.debug_line_str
 *(.debug_line_str)

.debug_loclists
 *(.debug_loclists)

.debug_macro
 *(.debug_macro)

.debug_names
 *(.debug_names)

.debug_rnglists
 *(.debug_rnglists)

.debug_str_offsets
 *(.debug_str_offsets)

.debug_sup
 *(.debug_sup)
OUTPUT(projet.elf elf32-avr)
LOAD linker stubs
